﻿[dotenv@17.3.1] injecting env (3) from .env -- tip: ΓÜÖ∩╕Å  override existing env vars with { override: true }


  MedVault Comprehensive Stress Test (90+ cases)
Starting test setup...
Signers acquired
PatientRegistry deployed
TrialManager deployed
ConsentManager deployed
EligibilityEngine deployed
ConfidentialETH deployed
MockAave deployed
Mock code injected
StakingManager deployed
Setup complete
    Eligibility Engine Stress Test (30 cases)
      1) Case #1: Age 18, Diab true, Hb 100 -> false
      2) Case #2: Age 19, Diab false, Hb 102 -> false
      3) Case #3: Age 20, Diab true, Hb 104 -> false
      4) Case #4: Age 21, Diab false, Hb 106 -> false
      5) Case #5: Age 22, Diab true, Hb 108 -> false
      6) Case #6: Age 23, Diab false, Hb 110 -> false
      7) Case #7: Age 24, Diab true, Hb 112 -> false
      8) Case #8: Age 25, Diab false, Hb 114 -> false
      9) Case #9: Age 26, Diab true, Hb 116 -> false
      10) Case #10: Age 27, Diab false, Hb 118 -> false
      11) Case #11: Age 28, Diab true, Hb 120 -> true
      12) Case #12: Age 29, Diab false, Hb 122 -> false
      13) Case #13: Age 30, Diab true, Hb 124 -> true
      14) Case #14: Age 31, Diab false, Hb 126 -> false
      15) Case #15: Age 32, Diab true, Hb 128 -> true
      16) Case #16: Age 33, Diab false, Hb 130 -> false
      17) Case #17: Age 34, Diab true, Hb 132 -> true
      18) Case #18: Age 35, Diab false, Hb 134 -> false
      19) Case #19: Age 36, Diab true, Hb 136 -> true
      20) Case #20: Age 37, Diab false, Hb 138 -> false
      21) Case #21: Age 38, Diab true, Hb 140 -> true
      22) Case #22: Age 39, Diab false, Hb 142 -> false
      23) Case #23: Age 40, Diab true, Hb 144 -> true
      24) Case #24: Age 41, Diab false, Hb 146 -> false
      25) Case #25: Age 42, Diab true, Hb 148 -> false
      26) Case #26: Age 43, Diab false, Hb 150 -> false
      27) Case #27: Age 44, Diab true, Hb 152 -> false
      28) Case #28: Age 45, Diab false, Hb 154 -> false
      29) Case #29: Age 46, Diab true, Hb 156 -> false
      30) Case #30: Age 47, Diab false, Hb 158 -> false
    Staking Manager Stress Test (30 cases)
      31) Case #1: Stake 0.05 ETH
      32) Case #2: Stake 0.1 ETH
      33) Case #3: Stake 0.15 ETH
      34) Case #4: Stake 0.2 ETH
      35) Case #5: Stake 0.25 ETH
      36) Case #6: Stake 0.3 ETH
      37) Case #7: Stake 0.35 ETH
      38) Case #8: Stake 0.4 ETH
      39) Case #9: Stake 0.45 ETH
      40) Case #10: Stake 0.5 ETH
      41) Case #11: Stake 0.55 ETH
      42) Case #12: Stake 0.6 ETH
      43) Case #13: Stake 0.65 ETH
      44) Case #14: Stake 0.7 ETH
      45) Case #15: Stake 0.75 ETH
      46) Case #16: Stake 0.8 ETH
      47) Case #17: Stake 0.85 ETH
      48) Case #18: Stake 0.9 ETH
      49) Case #19: Stake 0.95 ETH
      50) Case #20: Stake 1.0 ETH
      51) Case #21: Stake 1.05 ETH
      52) Case #22: Stake 1.1 ETH
      53) Case #23: Stake 1.15 ETH
      54) Case #24: Stake 1.2 ETH
      55) Case #25: Stake 1.25 ETH
      56) Case #26: Stake 1.3 ETH
      57) Case #27: Stake 1.35 ETH
      58) Case #28: Stake 1.4 ETH
      59) Case #29: Stake 1.45 ETH
      60) Case #30: Stake 1.5 ETH
    Reward Distribution Simulation (30 cases)
      Γ£ö Case #1: Milestone #0 rewards verification
      Γ£ö Case #2: Milestone #1 rewards verification
      Γ£ö Case #3: Milestone #2 rewards verification
      Γ£ö Case #4: Milestone #3 rewards verification
      Γ£ö Case #5: Milestone #4 rewards verification
      Γ£ö Case #6: Milestone #5 rewards verification
      Γ£ö Case #7: Milestone #6 rewards verification
      Γ£ö Case #8: Milestone #7 rewards verification
      Γ£ö Case #9: Milestone #8 rewards verification
      Γ£ö Case #10: Milestone #9 rewards verification
      Γ£ö Case #11: Milestone #10 rewards verification
      Γ£ö Case #12: Milestone #11 rewards verification
      Γ£ö Case #13: Milestone #12 rewards verification
      Γ£ö Case #14: Milestone #13 rewards verification
      Γ£ö Case #15: Milestone #14 rewards verification
      Γ£ö Case #16: Milestone #15 rewards verification
      Γ£ö Case #17: Milestone #16 rewards verification
      Γ£ö Case #18: Milestone #17 rewards verification
      Γ£ö Case #19: Milestone #18 rewards verification
      Γ£ö Case #20: Milestone #19 rewards verification
      Γ£ö Case #21: Milestone #20 rewards verification
      Γ£ö Case #22: Milestone #21 rewards verification
      Γ£ö Case #23: Milestone #22 rewards verification
      Γ£ö Case #24: Milestone #23 rewards verification
      Γ£ö Case #25: Milestone #24 rewards verification
      Γ£ö Case #26: Milestone #25 rewards verification
      Γ£ö Case #27: Milestone #26 rewards verification
      Γ£ö Case #28: Milestone #27 rewards verification
      Γ£ö Case #29: Milestone #28 rewards verification
      Γ£ö Case #30: Milestone #29 rewards verification


  30 passing (2s)
  60 failing

  1) MedVault Comprehensive Stress Test (90+ cases)
       Eligibility Engine Stress Test (30 cases)
         Case #1: Age 18, Diab true, Hb 100 -> false:
     Error: no matching fragment (operation="fragment", info={ "args": [ 0x5514e8bc34415b057b8cab62b00dbd31d9a72bf353000000000000007a690200, 0x01015514e8bc34415b057b8cab62b00dbd31d9a72bf353000000000000007a690200c7bc658d9adbcd1590d93288373163beebe3ff0adce6b095e07c10fba65f508720702ccf581647c5b3b13cf5aa9a6a199f8cf1a6f72721e7c8f76814b0761bf01c00, 0x531b3d45b8401f9c28d8655b08d75d525c82ae5910000000000000007a690000, 0x0101531b3d45b8401f9c28d8655b08d75d525c82ae5910000000000000007a690000eb60d2489e1d4148b912a64bfcf298013a6803d93da44d8f50a584dd657f40e30f8598cbbd3599f8fe15675c46dfae1a1581c47d82f44c23c7ca0f6c26081f481c00, 0x0105a1fa9a53150b72bdf65ea0b5275527ca51e6fd000000000000007a690300, 0x01010105a1fa9a53150b72bdf65ea0b5275527ca51e6fd000000000000007a690300c5a8687ec8d3a16bec5db6ca9b8e63ff4ad94044663b2ae92a19e1eb7ec04a9409f78c4a818d13d8ea6b94694368f34b7e628c02545a82fa6e61495b0bc4bf5f1b00 ], "key": "submitEncryptedProfile" }, code=UNSUPPORTED_OPERATION, version=6.16.0)
      at makeError (node_modules\ethers\src.ts\utils\errors.ts:698:21)
      at assert (node_modules\ethers\src.ts\utils\errors.ts:719:25)
      at getFragment (node_modules\ethers\src.ts\contract\contract.ts:270:15)
      at Proxy.submitEncryptedProfile (node_modules\ethers\src.ts\contract\contract.ts:350:26)
      at Context.<anonymous> (test\comprehensive_medvault.test.js:108:49)

  2) MedVault Comprehensive Stress Test (90+ cases)
       Eligibility Engine Stress Test (30 cases)
         Case #2: Age 19, Diab false, Hb 102 -> false:
     Error: no matching fragment (operation="fragment", info={ "args": [ 0x0fa93e807665888a5942a6677de99a172b74b84ca9000000000000007a690200, 0x01010fa93e807665888a5942a6677de99a172b74b84ca9000000000000007a69020013e2bfff9b3e2d3d7f38190746cc45b955c743b9d6ea761856023f33b607f8cc304682ca995e236199c0fc78816c173f48c9c9afc199eb966f37db8ae682d5391b00, 0x2679d097a40811e9da42cd0fdfe6a7e7a9617307e8000000000000007a690000, 0x01012679d097a40811e9da42cd0fdfe6a7e7a9617307e8000000000000007a6900002c8f287088cc7ae2be1b52296c6e6c6ebe81cfad5550d2d3228604fcd2a924f571e4257fcf8f2c0cd37d7aa253ba990700a73c1c76bd497344246e97085996ca1b00, 0x37d774ce2594a9b3b43a393fdd4e169864f98c4db7000000000000007a690300, 0x010137d774ce2594a9b3b43a393fdd4e169864f98c4db7000000000000007a690300bd146bd18d0f24de2128efe1e89f85496ab80b81a757eb4d8ee99cac024db6e80051f9c0f0105fe407dd60a53ab31e99e1de3eafb6f0bd4d9cf9a6fe4eb0b45b1c00 ], "key": "submitEncryptedProfile" }, code=UNSUPPORTED_OPERATION, version=6.16.0)
      at makeError (node_modules\ethers\src.ts\utils\errors.ts:698:21)
      at assert (node_modules\ethers\src.ts\utils\errors.ts:719:25)
      at getFragment (node_modules\ethers\src.ts\contract\contract.ts:270:15)
      at Proxy.submitEncryptedProfile (node_modules\ethers\src.ts\contract\contract.ts:350:26)
      at Context.<anonymous> (test\comprehensive_medvault.test.js:108:49)

  3) MedVault Comprehensive Stress Test (90+ cases)
       Eligibility Engine Stress Test (30 cases)
         Case #3: Age 20, Diab true, Hb 104 -> false:
     Error: no matching fragment (operation="fragment", info={ "args": [ 0x316a3826b57b8efb09ff80fb49a6a0a7f5e671ac95000000000000007a690200, 0x0101316a3826b57b8efb09ff80fb49a6a0a7f5e671ac95000000000000007a690200d010dd99a9691ccbdd46094db5799f1968c474c5907ece05dc39c68e3149f6067ba0a7cc775c33f353607576b4a56d83ff744ae752491056cb05f32618166f661b00, 0xb76a463e4f21e6b4e03c2178d3afc6458db831c31f000000000000007a690000, 0x0101b76a463e4f21e6b4e03c2178d3afc6458db831c31f000000000000007a69000062d198886d1dacf79943a50e75bc824b97b5760a21cb73578f6bf0a228de85c2356e17fcbf945ef8acdd92e67693343f3e19a84c5cde51f970893072aafd293e1b00, 0xb9baff60bb339b4d1582e689bdce6728bbba5ca7e2000000000000007a690300, 0x0101b9baff60bb339b4d1582e689bdce6728bbba5ca7e2000000000000007a690300f18f3993d3cd3de95ce9cafa51d3dcf44d762ea34b8601c844ba5488a80a7a1b4b29106edc158c7f2fc2a1fc1ddbd4df42b589fe552d1df7b0d572693bbe24fb1c00 ], "key": "submitEncryptedProfile" }, code=UNSUPPORTED_OPERATION, version=6.16.0)
      at makeError (node_modules\ethers\src.ts\utils\errors.ts:698:21)
      at assert (node_modules\ethers\src.ts\utils\errors.ts:719:25)
      at getFragment (node_modules\ethers\src.ts\contract\contract.ts:270:15)
      at Proxy.submitEncryptedProfile (node_modules\ethers\src.ts\contract\contract.ts:350:26)
      at Context.<anonymous> (test\comprehensive_medvault.test.js:108:49)

  4) MedVault Comprehensive Stress Test (90+ cases)
       Eligibility Engine Stress Test (30 cases)
         Case #4: Age 21, Diab false, Hb 106 -> false:
     Error: no matching fragment (operation="fragment", info={ "args": [ 0x4c4a6cc8c639951a320275207fd01db20c9d16f696000000000000007a690200, 0x01014c4a6cc8c639951a320275207fd01db20c9d16f696000000000000007a690200130f5719c8fb3f4ce99e59e841c6f47baba04f1ab785b9c886d8ca4cff13efe86ab22d432976c478f68f5d26e1cc2dcce22084f71090f775bfa072b59f07df9f1c00, 0x7fe1cbea0a305ef9fe243eea9d2f1028874b4f395d000000000000007a690000, 0x01017fe1cbea0a305ef9fe243eea9d2f1028874b4f395d000000000000007a6900002ec41a6bab3c53d7cbde479fc18142f3a053d2ef1e7520c78558f4e8300dc62305828b571b8aa401d97ea9030a84d97dfcfb5fd2451af733f784e154553dd29b1b00, 0x1e710dff91f64ca3bc7bf42514c28ebc2e524f490b000000000000007a690300, 0x01011e710dff91f64ca3bc7bf42514c28ebc2e524f490b000000000000007a690300160d1a9aeeebcfdff81d2b789b0618b3d6b63f96891509f1988b003a475cb9f12c92f9d8349e1f8b7c22ecf7a7a0da2e588239a4c7a6b29d3a49666035a369b81b00 ], "key": "submitEncryptedProfile" }, code=UNSUPPORTED_OPERATION, version=6.16.0)
      at makeError (node_modules\ethers\src.ts\utils\errors.ts:698:21)
      at assert (node_modules\ethers\src.ts\utils\errors.ts:719:25)
      at getFragment (node_modules\ethers\src.ts\contract\contract.ts:270:15)
      at Proxy.submitEncryptedProfile (node_modules\ethers\src.ts\contract\contract.ts:350:26)
      at Context.<anonymous> (test\comprehensive_medvault.test.js:108:49)

  5) MedVault Comprehensive Stress Test (90+ cases)
       Eligibility Engine Stress Test (30 cases)
         Case #5: Age 22, Diab true, Hb 108 -> false:
     Error: no matching fragment (operation="fragment", info={ "args": [ 0xac735a22fc67c05e8b67cd5c6b36b49ed841629a78000000000000007a690200, 0x0101ac735a22fc67c05e8b67cd5c6b36b49ed841629a78000000000000007a690200b134cfc2086bbbaeb3d0c1421d133a54c68bb729e518c4f2f3a83f2ef9ff88c100b620aabda5e9478b438788b62254f8328eb034011e47f3014665795d4b1dce1b00, 0xf570b74d72da45ecdaadc37784178ad35ba2a66085000000000000007a690000, 0x0101f570b74d72da45ecdaadc37784178ad35ba2a66085000000000000007a6900005510946c440f676602781c3e1b452d2b821839b08c9641b7080ce84f94dc699049a943b6ac48e2b6b2db30f66e9729e536dc19301f56da299140efaec9b6fa5d1c00, 0xdb3e81a10e0ae672d3315df9c22991ceab8f31182b000000000000007a690300, 0x0101db3e81a10e0ae672d3315df9c22991ceab8f31182b000000000000007a690300f816e390fcc8b51adc6ad9e988a1d0d0c0d5aae6453cf2d0daf990e9da1efea208b32ceddd91fb129e78abb2b73bfb359ba66bd110567588862c306dbc2c42351c00 ], "key": "submitEncryptedProfile" }, code=UNSUPPORTED_OPERATION, version=6.16.0)
      at makeError (node_modules\ethers\src.ts\utils\errors.ts:698:21)
      at assert (node_modules\ethers\src.ts\utils\errors.ts:719:25)
      at getFragment (node_modules\ethers\src.ts\contract\contract.ts:270:15)
      at Proxy.submitEncryptedProfile (node_modules\ethers\src.ts\contract\contract.ts:350:26)
      at Context.<anonymous> (test\comprehensive_medvault.test.js:108:49)

  6) MedVault Comprehensive Stress Test (90+ cases)
       Eligibility Engine Stress Test (30 cases)
         Case #6: Age 23, Diab false, Hb 110 -> false:
     Error: no matching fragment (operation="fragment", info={ "args": [ 0xfa7b0fb79d3d0b9152c1aaad27661db1daf1109a9d000000000000007a690200, 0x0101fa7b0fb79d3d0b9152c1aaad27661db1daf1109a9d000000000000007a690200ef2bf27b37c3ca4a4c0bb9ea74612ce7dc683a6d9bb5ff669b42a156bbb37a91040188738c528a5158579c872c0d7266c435d462d45fe5eeff8460e9478784701c00, 0xeb7abdf65113eb41208e531cde551603367cd07873000000000000007a690000, 0x0101eb7abdf65113eb41208e531cde551603367cd07873000000000000007a690000517962f232d4dda1adaef2a7d23070e2f6e1a4bf4b233b4908edb20bd78e819c60269323082d619bdb29ef2520bcbdfb1f3fe290a9417f9d65a024cbd9b9f96c1c00, 0x42afdc407d34ceab51919d220dcdef45d11a2c8d0b000000000000007a690300, 0x010142afdc407d34ceab51919d220dcdef45d11a2c8d0b000000000000007a69030026604a8a1281256d83f874ae815674ade349274661f14da811ec29d25bca00a762e69792b43fe692c5dd241d067c4ebbb5f9286f26ff8faad0d275240ef3f5a01b00 ], "key": "submitEncryptedProfile" }, code=UNSUPPORTED_OPERATION, version=6.16.0)
      at makeError (node_modules\ethers\src.ts\utils\errors.ts:698:21)
      at assert (node_modules\ethers\src.ts\utils\errors.ts:719:25)
      at getFragment (node_modules\ethers\src.ts\contract\contract.ts:270:15)
      at Proxy.submitEncryptedProfile (node_modules\ethers\src.ts\contract\contract.ts:350:26)
      at Context.<anonymous> (test\comprehensive_medvault.test.js:108:49)

  7) MedVault Comprehensive Stress Test (90+ cases)
       Eligibility Engine Stress Test (30 cases)
         Case #7: Age 24, Diab true, Hb 112 -> false:
     Error: no matching fragment (operation="fragment", info={ "args": [ 0xe25e9fc984a367ee4a28e9f7391f0a433161a9f6da000000000000007a690200, 0x0101e25e9fc984a367ee4a28e9f7391f0a433161a9f6da000000000000007a6902008155952d47841266f441a92f712063e75e6223e532a346e6d5e94d1f3751d85d142b1f487e11d8ece9464d07d6a0028793741ec1e83b2451659e84ce6847083c1c00, 0xffc422b71c129413cc3cafdc2a29776cd780ca9686000000000000007a690000, 0x0101ffc422b71c129413cc3cafdc2a29776cd780ca9686000000000000007a6900006a7f2919e184b2f8071cc7e81e1d43888e35273229da406174f79af4afc68b6c4dba0eead575219cb95cb1a28ed72ec839ea8b8774e16202e3d0cfc83cb6379f1b00, 0x564cef9468aafcc2988f344698656c3c050d037cc0000000000000007a690300, 0x0101564cef9468aafcc2988f344698656c3c050d037cc0000000000000007a6903009a389763be177c6a015f16026430d498cd7f484c39d2028640bb98d5aa10b5b071da90418fcbf62d902caf94b3ce4d17dae3b68f40f08a7640f3cadb129bd41a1c00 ], "key": "submitEncryptedProfile" }, code=UNSUPPORTED_OPERATION, version=6.16.0)
      at makeError (node_modules\ethers\src.ts\utils\errors.ts:698:21)
      at assert (node_modules\ethers\src.ts\utils\errors.ts:719:25)
      at getFragment (node_modules\ethers\src.ts\contract\contract.ts:270:15)
      at Proxy.submitEncryptedProfile (node_modules\ethers\src.ts\contract\contract.ts:350:26)
      at Context.<anonymous> (test\comprehensive_medvault.test.js:108:49)

  8) MedVault Comprehensive Stress Test (90+ cases)
       Eligibility Engine Stress Test (30 cases)
         Case #8: Age 25, Diab false, Hb 114 -> false:
     Error: no matching fragment (operation="fragment", info={ "args": [ 0x129e2ff5c00eed01fc037baea0a8c724d91f4aadd7000000000000007a690200, 0x0101129e2ff5c00eed01fc037baea0a8c724d91f4aadd7000000000000007a690200fd542efe5b69d64e67bc75b640fc00580b3fe2d1a61d5cf44676e056033ab45609d9da4570cf8a148833cad3766abe9dc41d233b661587cc8f452563a989b8b21b00, 0x3dd2aa9493112a57c060d0935b3d52a72cff02eb3c000000000000007a690000, 0x01013dd2aa9493112a57c060d0935b3d52a72cff02eb3c000000000000007a69000069a17f154e6ca928ef443b9c9013f6a471bb98520a8eea39018353096451871d370087ce8f9e20840baef4f19007c694773073076af8e8734dc15d30d139d0381c00, 0x1f434efbd34d530a7e62e05c3d9e0c853d2f0df99e000000000000007a690300, 0x01011f434efbd34d530a7e62e05c3d9e0c853d2f0df99e000000000000007a690300a6a91e8180c2003cd3b8698b471360c4c4e3bccc684f3dc7df667512fc47930662ee83868bf9ccb315364d3d9b9856acab46d91f9ede22510c809d7621ae44f11c00 ], "key": "submitEncryptedProfile" }, code=UNSUPPORTED_OPERATION, version=6.16.0)
      at makeError (node_modules\ethers\src.ts\utils\errors.ts:698:21)
      at assert (node_modules\ethers\src.ts\utils\errors.ts:719:25)
      at getFragment (node_modules\ethers\src.ts\contract\contract.ts:270:15)
      at Proxy.submitEncryptedProfile (node_modules\ethers\src.ts\contract\contract.ts:350:26)
      at Context.<anonymous> (test\comprehensive_medvault.test.js:108:49)

  9) MedVault Comprehensive Stress Test (90+ cases)
       Eligibility Engine Stress Test (30 cases)
         Case #9: Age 26, Diab true, Hb 116 -> false:
     Error: no matching fragment (operation="fragment", info={ "args": [ 0xb86fdb084caf41367b4b3b41b4717da4b6a68e144e000000000000007a690200, 0x0101b86fdb084caf41367b4b3b41b4717da4b6a68e144e000000000000007a690200f7210ef18fae3c740732776915137c0b9c6ba0d76a6cc9db73456c2e2acf048331379cf0b284f9a5630f686c0e73bc7c178efeee4c966b6de165e19a87a71fc51b00, 0x5ed2ed7d4cc8b3ee649ae27f3de86eb414471de143000000000000007a690000, 0x01015ed2ed7d4cc8b3ee649ae27f3de86eb414471de143000000000000007a690000d1daf87c526f24f32e3145d6b08e32070548bf1e855517000d27c6780bf9a33601eb22fe67d1eaec059c29dd44276c355e7bee38e56337e6483a8500fe7629d41c00, 0xbfdd9b0139acfb5f1897e9b9c9afa2a1874cdf80bc000000000000007a690300, 0x0101bfdd9b0139acfb5f1897e9b9c9afa2a1874cdf80bc000000000000007a6903007c3c9b8aa5267474ff1a523f9056077f03c29cb3fdda906b8558a82b0831c07916f4057bae4bcee5f91810f38d377fb5cf1c672880eecef442912c12d202f0211b00 ], "key": "submitEncryptedProfile" }, code=UNSUPPORTED_OPERATION, version=6.16.0)
      at makeError (node_modules\ethers\src.ts\utils\errors.ts:698:21)
      at assert (node_modules\ethers\src.ts\utils\errors.ts:719:25)
      at getFragment (node_modules\ethers\src.ts\contract\contract.ts:270:15)
      at Proxy.submitEncryptedProfile (node_modules\ethers\src.ts\contract\contract.ts:350:26)
      at Context.<anonymous> (test\comprehensive_medvault.test.js:108:49)

  10) MedVault Comprehensive Stress Test (90+ cases)
       Eligibility Engine Stress Test (30 cases)
         Case #10: Age 27, Diab false, Hb 118 -> false:
     Error: no matching fragment (operation="fragment", info={ "args": [ 0x6b49a11ae8955f4411bb223b9a407d22d490139976000000000000007a690200, 0x01016b49a11ae8955f4411bb223b9a407d22d490139976000000000000007a6902009a3589ac0e71f2d009caaf2d0d4e6002ff020392eee6e554eb26945d701bb338609169098a8e811631328d0250f7b3fcee93ed685c57b6d69cf36c9d82ac79db1c00, 0x17ab3cf23592ed0755eb820217b09a15ae9f05db47000000000000007a690000, 0x010117ab3cf23592ed0755eb820217b09a15ae9f05db47000000000000007a690000637fc60441054fd63ef379a0ab460733805cd1db784200a386ff414836b101d324510f392fccabfa8637e8b2bc1f7c33571b8a5e52b440a4743e8e82f1cab50a1b00, 0x78c6dc8bb82c9b8c9b1de26918377d551c507cc962000000000000007a690300, 0x010178c6dc8bb82c9b8c9b1de26918377d551c507cc962000000000000007a690300d0969c7df8fcd35f12be3ab01c495d621f2cd72f5b89b7c06a00c193d60181d93b32b024e0d4a8171ae710a5eda62fd9653a41880950257762ef358de7c0b68e1c00 ], "key": "submitEncryptedProfile" }, code=UNSUPPORTED_OPERATION, version=6.16.0)
      at makeError (node_modules\ethers\src.ts\utils\errors.ts:698:21)
      at assert (node_modules\ethers\src.ts\utils\errors.ts:719:25)
      at getFragment (node_modules\ethers\src.ts\contract\contract.ts:270:15)
      at Proxy.submitEncryptedProfile (node_modules\ethers\src.ts\contract\contract.ts:350:26)
      at Context.<anonymous> (test\comprehensive_medvault.test.js:108:49)

  11) MedVault Comprehensive Stress Test (90+ cases)
       Eligibility Engine Stress Test (30 cases)
         Case #11: Age 28, Diab true, Hb 120 -> true:
     Error: no matching fragment (operation="fragment", info={ "args": [ 0x52fd9aad14fe604f14c06c3c2651b96f87b3c85b60000000000000007a690200, 0x010152fd9aad14fe604f14c06c3c2651b96f87b3c85b60000000000000007a690200fb04c416e53ba6b94f5f0db9ae7c8cfc3481909b8a0b19b0c47b3b8182affc1a4875a24dd44fe238191e24c806a07ab68c0d4a72450b1bf213e2fab91b8a5de21b00, 0xad15672bbc5282682054fbb8afa0ccc65c352debee000000000000007a690000, 0x0101ad15672bbc5282682054fbb8afa0ccc65c352debee000000000000007a69000003729933d1f40fa5593cffd1361ba4080ac6286b02c30794211e0c687f429c8335be16c405c1bb60d33924014d8d42197294d88c58038f3ea1d848963f2b7e031b00, 0x1994b6d82d48ce89c013a4ce27364f2d3dced8457f000000000000007a690300, 0x01011994b6d82d48ce89c013a4ce27364f2d3dced8457f000000000000007a690300573ef7cdc6cf039edd088e45ad810aa00722d88c0d49afc0625ad3f93a4fd54d6bdcf760f276a44660952bf317e6bf13081bc1564975d070d02ff1afdf16470f1b00 ], "key": "submitEncryptedProfile" }, code=UNSUPPORTED_OPERATION, version=6.16.0)
      at makeError (node_modules\ethers\src.ts\utils\errors.ts:698:21)
      at assert (node_modules\ethers\src.ts\utils\errors.ts:719:25)
      at getFragment (node_modules\ethers\src.ts\contract\contract.ts:270:15)
      at Proxy.submitEncryptedProfile (node_modules\ethers\src.ts\contract\contract.ts:350:26)
      at Context.<anonymous> (test\comprehensive_medvault.test.js:108:49)

  12) MedVault Comprehensive Stress Test (90+ cases)
       Eligibility Engine Stress Test (30 cases)
         Case #12: Age 29, Diab false, Hb 122 -> false:
     Error: no matching fragment (operation="fragment", info={ "args": [ 0x2fa8631bf9bcabd5e3cbf00dcc305daa8e25add573000000000000007a690200, 0x01012fa8631bf9bcabd5e3cbf00dcc305daa8e25add573000000000000007a690200264d50484341b571a0f17f1b0c8196e529ef2b8d09d81344dc66d913e4bb31150b59c36ef46f9dd58020181b99f49b3c7907c0932baf1e1b61b7062da4da46cc1c00, 0x834df0384f5ab1f99b04eaa360f3040d9151598b94000000000000007a690000, 0x0101834df0384f5ab1f99b04eaa360f3040d9151598b94000000000000007a690000a7ed183a04c12916b7e86d5f6047ef89ca81f3ed84a1002e1f3d202616e8045d6df89c2382f502f148ee7323dade12ebf9f36265b4c25d444a1c1e5883f236c41c00, 0xe2be9c901bc9bc7523bd561f707b94705223383675000000000000007a690300, 0x0101e2be9c901bc9bc7523bd561f707b94705223383675000000000000007a690300ddddfce34002061062ee820896df0d2376ff58c23ba7d258e87c1099946d0a1e6fd7137861bb2bf8e410e99d166a4f390d8d531b063b0439fa69ae08fca229951c00 ], "key": "submitEncryptedProfile" }, code=UNSUPPORTED_OPERATION, version=6.16.0)
      at makeError (node_modules\ethers\src.ts\utils\errors.ts:698:21)
      at assert (node_modules\ethers\src.ts\utils\errors.ts:719:25)
      at getFragment (node_modules\ethers\src.ts\contract\contract.ts:270:15)
      at Proxy.submitEncryptedProfile (node_modules\ethers\src.ts\contract\contract.ts:350:26)
      at Context.<anonymous> (test\comprehensive_medvault.test.js:108:49)

  13) MedVault Comprehensive Stress Test (90+ cases)
       Eligibility Engine Stress Test (30 cases)
         Case #13: Age 30, Diab true, Hb 124 -> true:
     Error: no matching fragment (operation="fragment", info={ "args": [ 0x2cc9c0f026a8d7c90d5f35f5afa61d85f784a405c3000000000000007a690200, 0x01012cc9c0f026a8d7c90d5f35f5afa61d85f784a405c3000000000000007a6902005d001849d8fe6277f8ea7f45185fcef31904350a1c77322b5db2ae5cdcd6a78c3d7c2dfc46aeacc63e6546a015d2aef6a31a58065736ecf460e261b48b64a6361b00, 0xebc8652beb057b5492317fd31758ec91bd350cc3df000000000000007a690000, 0x0101ebc8652beb057b5492317fd31758ec91bd350cc3df000000000000007a69000042ed334a16c6e33afa5c1c1ee3880e9235b0266e400a1742f1bf2c5e59c9166308ea973502ffd3c75663d275806580420858e77af3fbb921b3c66f324ac404141c00, 0x6f699533bee507f1031ea46ad2158593d0475dceb2000000000000007a690300, 0x01016f699533bee507f1031ea46ad2158593d0475dceb2000000000000007a690300721ee9cbf6e598d8db830867814a618b1421b8e6d3022766af0ecc3d66c6999143e499a07102ba64075035b5d41f790386305a668f828a7eba52061734e0f40e1c00 ], "key": "submitEncryptedProfile" }, code=UNSUPPORTED_OPERATION, version=6.16.0)
      at makeError (node_modules\ethers\src.ts\utils\errors.ts:698:21)
      at assert (node_modules\ethers\src.ts\utils\errors.ts:719:25)
      at getFragment (node_modules\ethers\src.ts\contract\contract.ts:270:15)
      at Proxy.submitEncryptedProfile (node_modules\ethers\src.ts\contract\contract.ts:350:26)
      at Context.<anonymous> (test\comprehensive_medvault.test.js:108:49)

  14) MedVault Comprehensive Stress Test (90+ cases)
       Eligibility Engine Stress Test (30 cases)
         Case #14: Age 31, Diab false, Hb 126 -> false:
     Error: no matching fragment (operation="fragment", info={ "args": [ 0xa0e53f0f6b7157b9b725133a415268be1e5e510212000000000000007a690200, 0x0101a0e53f0f6b7157b9b725133a415268be1e5e510212000000000000007a690200da13df240705d6656d5f22bf35110d7e1266db70e94163cbdbc1a7c5cc9cd5365e7f8a9fb5305622fcfefe0c6b4ecee6b09537ddc8c36b02f815cac2ddbd327b1b00, 0x921620150718e6da511fdf5b1ec30a684479bec538000000000000007a690000, 0x0101921620150718e6da511fdf5b1ec30a684479bec538000000000000007a69000001b26fb33a1254e223228cc11ccddd1b987774d39ce2a6fd87dc8eb59d0bcc767b3ef6a8558baaaed0ef4a3e009e13c8cb1d4e436e4e6264227578d72795e9a41b00, 0x739ecbc56b7596aadde09b0e4ca79a2b0e34008da4000000000000007a690300, 0x0101739ecbc56b7596aadde09b0e4ca79a2b0e34008da4000000000000007a69030002b1715ebf9d64a646526f86fb6a0d731ef79159386609b3e213ec510505bc1b5bec19c9ef6a9568fff846bc68ead6b6900a4bc824e09a2d4b379e627393ae4c1b00 ], "key": "submitEncryptedProfile" }, code=UNSUPPORTED_OPERATION, version=6.16.0)
      at makeError (node_modules\ethers\src.ts\utils\errors.ts:698:21)
      at assert (node_modules\ethers\src.ts\utils\errors.ts:719:25)
      at getFragment (node_modules\ethers\src.ts\contract\contract.ts:270:15)
      at Proxy.submitEncryptedProfile (node_modules\ethers\src.ts\contract\contract.ts:350:26)
      at Context.<anonymous> (test\comprehensive_medvault.test.js:108:49)

  15) MedVault Comprehensive Stress Test (90+ cases)
       Eligibility Engine Stress Test (30 cases)
         Case #15: Age 32, Diab true, Hb 128 -> true:
     Error: no matching fragment (operation="fragment", info={ "args": [ 0xcb067b3284a2a89f6511b8038fe07983c4f3d9898a000000000000007a690200, 0x0101cb067b3284a2a89f6511b8038fe07983c4f3d9898a000000000000007a690200fe3baec264437706c3021079f264093a03b45fa38907e520d52c2ee17131d19f6bdaa8d545b834ae7878511d7ab108fde844bbb375a6bd9ed440fe7666ffc6fa1b00, 0xbafd9329c17173be5d3ad3100b63237e747fbb5605000000000000007a690000, 0x0101bafd9329c17173be5d3ad3100b63237e747fbb5605000000000000007a690000b60115e11bc795c5cab9f9c99f2322d09eb46b25f63c32d3c733c8e7ee914edd1040f647b92f78c4c92f2e995cab54fc1a95eb39559fc6f815bd5da46faa28af1b00, 0x949227f32f40aed1b5a4fab0c8af7450b77427bf2d000000000000007a690300, 0x0101949227f32f40aed1b5a4fab0c8af7450b77427bf2d000000000000007a69030066f5a207df9f8bbe5c3c9065ced9cd8eec2d5927194eb2dae87fd5b3b2387fcf04b96eb728097102c5f9cc2cbc8f314a6669fb0e40dbec7f5115f6d7cfb90e0f1c00 ], "key": "submitEncryptedProfile" }, code=UNSUPPORTED_OPERATION, version=6.16.0)
      at makeError (node_modules\ethers\src.ts\utils\errors.ts:698:21)
      at assert (node_modules\ethers\src.ts\utils\errors.ts:719:25)
      at getFragment (node_modules\ethers\src.ts\contract\contract.ts:270:15)
      at Proxy.submitEncryptedProfile (node_modules\ethers\src.ts\contract\contract.ts:350:26)
      at Context.<anonymous> (test\comprehensive_medvault.test.js:108:49)

  16) MedVault Comprehensive Stress Test (90+ cases)
       Eligibility Engine Stress Test (30 cases)
         Case #16: Age 33, Diab false, Hb 130 -> false:
     Error: no matching fragment (operation="fragment", info={ "args": [ 0x0535ad9acab49b76a8f096fc9071a97a5b52e6f86b000000000000007a690200, 0x01010535ad9acab49b76a8f096fc9071a97a5b52e6f86b000000000000007a690200947e364b86acc4cfcb72914292c092f995e4fc4e53dbd65991336435a579d08255ef1908f4307169e57bf65da8a9b9a82765a42dee893896e1973d269bba6dc31b00, 0xb85e0753408e418779b92c25a569b5e2ec94226356000000000000007a690000, 0x0101b85e0753408e418779b92c25a569b5e2ec94226356000000000000007a690000d02e82310d7b94f4ade8908c0f89c626036859007f3e91607f288014362208437e66084caeace21647d457d74b7d066b18895ce76e8927c33e0afcd102fa7fd71c00, 0xabf4c43bbb85129a8ffb8a782c1c95de1e065e7008000000000000007a690300, 0x0101abf4c43bbb85129a8ffb8a782c1c95de1e065e7008000000000000007a690300848f285e2ecf83e7a301056f56544cbae2df5d94c7def799f9a42ccd3eb881d2701786bc7f56d4d7a7005a5a7c80cd2cb31ec701a525cc32abf901e23e778da91b00 ], "key": "submitEncryptedProfile" }, code=UNSUPPORTED_OPERATION, version=6.16.0)
      at makeError (node_modules\ethers\src.ts\utils\errors.ts:698:21)
      at assert (node_modules\ethers\src.ts\utils\errors.ts:719:25)
      at getFragment (node_modules\ethers\src.ts\contract\contract.ts:270:15)
      at Proxy.submitEncryptedProfile (node_modules\ethers\src.ts\contract\contract.ts:350:26)
      at Context.<anonymous> (test\comprehensive_medvault.test.js:108:49)

  17) MedVault Comprehensive Stress Test (90+ cases)
       Eligibility Engine Stress Test (30 cases)
         Case #17: Age 34, Diab true, Hb 132 -> true:
     Error: no matching fragment (operation="fragment", info={ "args": [ 0x9be79b55972ded8f8ce1fc9f35b742e1c1eb17426e000000000000007a690200, 0x01019be79b55972ded8f8ce1fc9f35b742e1c1eb17426e000000000000007a6902004aedb210e7287c8f930c1d924fbdaa1e6dea1479151ca6e4ea1d07a82e78e2457f522f19080787d0b6a532d27960a18679096b574bdb627ada9ef0647a6346941b00, 0x5c6a38548798e104e6052cfe14936e3fdd0fe9d59e000000000000007a690000, 0x01015c6a38548798e104e6052cfe14936e3fdd0fe9d59e000000000000007a6900009abbfb2c0f2e0198d6c870a6ce05cf7ae9b7c872541eb302ed423b48288c1c4b7e86cf01e1023d794aa460a434c1d0690d430e33cce747b8e88142a86495f8c11b00, 0xe75c46cd7c350f2a29ef9f243461a2a29735514f66000000000000007a690300, 0x0101e75c46cd7c350f2a29ef9f243461a2a29735514f66000000000000007a690300ddb18708b409cb85b00843706a8d761ed776f48f14a4d2973b1295393ee278d914ba37ff4513267c9aad1e4e0ccfb09fed5506ad8d6a2a8c170b081fbe9be24f1c00 ], "key": "submitEncryptedProfile" }, code=UNSUPPORTED_OPERATION, version=6.16.0)
      at makeError (node_modules\ethers\src.ts\utils\errors.ts:698:21)
      at assert (node_modules\ethers\src.ts\utils\errors.ts:719:25)
      at getFragment (node_modules\ethers\src.ts\contract\contract.ts:270:15)
      at Proxy.submitEncryptedProfile (node_modules\ethers\src.ts\contract\contract.ts:350:26)
      at Context.<anonymous> (test\comprehensive_medvault.test.js:108:49)

  18) MedVault Comprehensive Stress Test (90+ cases)
       Eligibility Engine Stress Test (30 cases)
         Case #18: Age 35, Diab false, Hb 134 -> false:
     Error: no matching fragment (operation="fragment", info={ "args": [ 0xd34b366416668a5afd68882d4dd4193be0f1f79467000000000000007a690200, 0x0101d34b366416668a5afd68882d4dd4193be0f1f79467000000000000007a69020021f071dc99e80e183e9d262007f80cf73322b3058d2db81c31f908a0d5bd63b97fdf4ab5a78c40fc450364fc07473ae75a6723eb6fd1301e4749cb3864e79c381b00, 0x719add90442c980059b8f21a6c052a972f897c8fc1000000000000007a690000, 0x0101719add90442c980059b8f21a6c052a972f897c8fc1000000000000007a690000646887c10b6c998611a91a0f328796100bfec21b2c78a5613850b1d3c26868a33677f46a1e61ad473e05ff203251d206367491490adac0f1c2e338b8a783cffa1c00, 0x9db9f02c6663b66a1a4e28da95076cb729378f500f000000000000007a690300, 0x01019db9f02c6663b66a1a4e28da95076cb729378f500f000000000000007a6903009abdea60f36dbb9f34d8575d30e1c2e4bd63ac3a29847e6112d4987e1cf49ecf43292db759d9d555455bffeb4a82fa10e2e873590b67c59268b857528d2b3deb1c00 ], "key": "submitEncryptedProfile" }, code=UNSUPPORTED_OPERATION, version=6.16.0)
      at makeError (node_modules\ethers\src.ts\utils\errors.ts:698:21)
      at assert (node_modules\ethers\src.ts\utils\errors.ts:719:25)
      at getFragment (node_modules\ethers\src.ts\contract\contract.ts:270:15)
      at Proxy.submitEncryptedProfile (node_modules\ethers\src.ts\contract\contract.ts:350:26)
      at Context.<anonymous> (test\comprehensive_medvault.test.js:108:49)

  19) MedVault Comprehensive Stress Test (90+ cases)
       Eligibility Engine Stress Test (30 cases)
         Case #19: Age 36, Diab true, Hb 136 -> true:
     Error: no matching fragment (operation="fragment", info={ "args": [ 0x07b0f82db287f076e00463038b7f2a5a165fd3fe83000000000000007a690200, 0x010107b0f82db287f076e00463038b7f2a5a165fd3fe83000000000000007a6902006cf143a2a49be986e085884c90d89823167e601a92c1fa134b78ea2f401b7d797b4317e59f80293316f6261f02eabbf18b38f89038b40384f934403ae67d72cf1b00, 0x14041ea0aa936089e95c67fed4bbb1872aaf29b16d000000000000007a690000, 0x010114041ea0aa936089e95c67fed4bbb1872aaf29b16d000000000000007a6900002a7320c75d572b34e4015a31589f7857913264b39967bbba197b704102770f12506f36f9f57797c3991b7fac7389ed7dc6923c5071e948d65b017444620450f11b00, 0xb4e7721c3df5d595233dc9f7671edc2bdf294f5e3b000000000000007a690300, 0x0101b4e7721c3df5d595233dc9f7671edc2bdf294f5e3b000000000000007a6903003ef1912d010305a444921f88127fa62d585fb526fc237a100536b20026357e3554cb0fd2224aacbae604c0c794fe103f760fd80aaff93bef79bf9648ea60b9f91c00 ], "key": "submitEncryptedProfile" }, code=UNSUPPORTED_OPERATION, version=6.16.0)
      at makeError (node_modules\ethers\src.ts\utils\errors.ts:698:21)
      at assert (node_modules\ethers\src.ts\utils\errors.ts:719:25)
      at getFragment (node_modules\ethers\src.ts\contract\contract.ts:270:15)
      at Proxy.submitEncryptedProfile (node_modules\ethers\src.ts\contract\contract.ts:350:26)
      at Context.<anonymous> (test\comprehensive_medvault.test.js:108:49)

  20) MedVault Comprehensive Stress Test (90+ cases)
       Eligibility Engine Stress Test (30 cases)
         Case #20: Age 37, Diab false, Hb 138 -> false:
     Error: no matching fragment (operation="fragment", info={ "args": [ 0xd76ddd1c18ed459044a17ece78dfba5a8c263a811f000000000000007a690200, 0x0101d76ddd1c18ed459044a17ece78dfba5a8c263a811f000000000000007a6902000e8c3f5aa261b0773f5148dd3b5bd0f1ac9457d35789a86429413b16f9c449715efd7af767d1600a74a07372067375281f01bc77672518763202088b646c68661b00, 0x8665b322ec8c222be16e49aebd684dce4017885a51000000000000007a690000, 0x01018665b322ec8c222be16e49aebd684dce4017885a51000000000000007a690000e4bee33639b93ddeb4f838cb68bc7992592036cdb2ae7944c8c45036b052b23c2553694a7969a6e3120286d7f5a802621cc16f4fc4a78cc3f3358778166bb1a31b00, 0xd8308d6d1fb559d682f27a04256648d1533430697d000000000000007a690300, 0x0101d8308d6d1fb559d682f27a04256648d1533430697d000000000000007a690300e50fccbeae018f7682f277c3d02aa4f0d228efea985e326e23cef4f31cda19fb0d2fdccd3c2a862d1aec111208230416c301758d547b97975ea9b179b7824bc81c00 ], "key": "submitEncryptedProfile" }, code=UNSUPPORTED_OPERATION, version=6.16.0)
      at makeError (node_modules\ethers\src.ts\utils\errors.ts:698:21)
      at assert (node_modules\ethers\src.ts\utils\errors.ts:719:25)
      at getFragment (node_modules\ethers\src.ts\contract\contract.ts:270:15)
      at Proxy.submitEncryptedProfile (node_modules\ethers\src.ts\contract\contract.ts:350:26)
      at Context.<anonymous> (test\comprehensive_medvault.test.js:108:49)

  21) MedVault Comprehensive Stress Test (90+ cases)
       Eligibility Engine Stress Test (30 cases)
         Case #21: Age 38, Diab true, Hb 140 -> true:
     Error: no matching fragment (operation="fragment", info={ "args": [ 0x33066f34070c30a641cf0c61fd1533a95b6180a57d000000000000007a690200, 0x010133066f34070c30a641cf0c61fd1533a95b6180a57d000000000000007a690200214a7003637a82d5f975510b90321d49b529d2cfafaa3c547b05b62eab4d7255606b92ae844c929eae997663ff2435508942e26ab394675594a92905be660f111c00, 0x6e85604cddb8200931698df58537e48d9d64d24a50000000000000007a690000, 0x01016e85604cddb8200931698df58537e48d9d64d24a50000000000000007a690000f5fc5b6e81ddd1a27d15260c3ed4e5421876971b3d390fe133c802c903d3114a7955e6365bfd11ada6342c544b9c3e42f720c803bc2e89ec51a806cad591fc801c00, 0x782abdca22d76f402795d47be7e36fb4a19795f80d000000000000007a690300, 0x0101782abdca22d76f402795d47be7e36fb4a19795f80d000000000000007a69030022a848ab4550e9a74c64d2420ec8c675f25efa6e767207619894594a3d081b505bbf51e06a16f7b16adb6877c4fd4a4ba643df4e565a066a2b841cf7031e84c81b00 ], "key": "submitEncryptedProfile" }, code=UNSUPPORTED_OPERATION, version=6.16.0)
      at makeError (node_modules\ethers\src.ts\utils\errors.ts:698:21)
      at assert (node_modules\ethers\src.ts\utils\errors.ts:719:25)
      at getFragment (node_modules\ethers\src.ts\contract\contract.ts:270:15)
      at Proxy.submitEncryptedProfile (node_modules\ethers\src.ts\contract\contract.ts:350:26)
      at Context.<anonymous> (test\comprehensive_medvault.test.js:108:49)

  22) MedVault Comprehensive Stress Test (90+ cases)
       Eligibility Engine Stress Test (30 cases)
         Case #22: Age 39, Diab false, Hb 142 -> false:
     Error: no matching fragment (operation="fragment", info={ "args": [ 0xb44b7e9608c62a0851f6c10929a394f5a8f59acfcc000000000000007a690200, 0x0101b44b7e9608c62a0851f6c10929a394f5a8f59acfcc000000000000007a69020047724115bc88c113a50b32c6ee09759c61d5798c688e32cc1d00794b3d61c05d01a6bc9d26f40294eafdc709f468d023aa860e55981fcbbb6f86c0560636e05a1c00, 0x4c0a50d58e53e7f9e44273593d5d2ceac1f5ca906b000000000000007a690000, 0x01014c0a50d58e53e7f9e44273593d5d2ceac1f5ca906b000000000000007a6900004711e1c25dbfc1983d72f8f4b684ee17edd787da5f4d8f2f05e774ff807729575133a723270227972e5c7a0b5588daf49b0d3b67b60e6ddb35d1c7abd4cc28a61c00, 0xbceac6aa0146a1bfdc84c13516c916c8815e9271fa000000000000007a690300, 0x0101bceac6aa0146a1bfdc84c13516c916c8815e9271fa000000000000007a69030090b39ca9882c05b7759bc5ecf6019249725aa8e6664228fba5cf25ef4a3d58ce3bf50c64f95e1d3314aff8ddbd311b330722721701f3411b6642e0062c0f0a331b00 ], "key": "submitEncryptedProfile" }, code=UNSUPPORTED_OPERATION, version=6.16.0)
      at makeError (node_modules\ethers\src.ts\utils\errors.ts:698:21)
      at assert (node_modules\ethers\src.ts\utils\errors.ts:719:25)
      at getFragment (node_modules\ethers\src.ts\contract\contract.ts:270:15)
      at Proxy.submitEncryptedProfile (node_modules\ethers\src.ts\contract\contract.ts:350:26)
      at Context.<anonymous> (test\comprehensive_medvault.test.js:108:49)

  23) MedVault Comprehensive Stress Test (90+ cases)
       Eligibility Engine Stress Test (30 cases)
         Case #23: Age 40, Diab true, Hb 144 -> true:
     Error: no matching fragment (operation="fragment", info={ "args": [ 0x5df9abcea7735cf72fa883b8cde7c6724ee0c6c307000000000000007a690200, 0x01015df9abcea7735cf72fa883b8cde7c6724ee0c6c307000000000000007a69020096c98ec34b8444c8645cf0f4e53bbf4ebf31a9c7ffb534b6aac906b87d4735ec65332eef4a665d9542fc366fc2459a67d4f94ed8205ea7d6794336b5ec48816d1c00, 0x73da21a519a2746227e7b7ba8e9292b0232e772ec5000000000000007a690000, 0x010173da21a519a2746227e7b7ba8e9292b0232e772ec5000000000000007a6900002dd9451b3344682d899472d3b5e1592a1b8a7874d19530df04c156f2fd32aec44428961a45895263eb392b7a9768836d66383d0634bec6583e5ef516d09140f61b00, 0xcef2741b24ce69cef9a32a11cf42b7e132e018b34d000000000000007a690300, 0x0101cef2741b24ce69cef9a32a11cf42b7e132e018b34d000000000000007a690300edbe2d21393c217fd4a4d690aac02b28720a901049ae7da1de264962507b29b9556f6f1bcde43d60adc6c0c1e73cd1f9ad2176a0c906b65ae96bbeb2311441691c00 ], "key": "submitEncryptedProfile" }, code=UNSUPPORTED_OPERATION, version=6.16.0)
      at makeError (node_modules\ethers\src.ts\utils\errors.ts:698:21)
      at assert (node_modules\ethers\src.ts\utils\errors.ts:719:25)
      at getFragment (node_modules\ethers\src.ts\contract\contract.ts:270:15)
      at Proxy.submitEncryptedProfile (node_modules\ethers\src.ts\contract\contract.ts:350:26)
      at Context.<anonymous> (test\comprehensive_medvault.test.js:108:49)

  24) MedVault Comprehensive Stress Test (90+ cases)
       Eligibility Engine Stress Test (30 cases)
         Case #24: Age 41, Diab false, Hb 146 -> false:
     Error: no matching fragment (operation="fragment", info={ "args": [ 0xcab6a5682bf4564d1499fd9c7f1be6c634be19f210000000000000007a690200, 0x0101cab6a5682bf4564d1499fd9c7f1be6c634be19f210000000000000007a690200eb7fe360dceb5723d981419e6f329c240a870f07ae9e24c91c08e14d4d4d8bad3eab107cb4c9833f23b73ef6eb5e4f5eded846cbfe37f7ffe2cf4df127d35a8f1c00, 0x92a9cea33a0855333ad1720c1bf36df0a0c526ccc6000000000000007a690000, 0x010192a9cea33a0855333ad1720c1bf36df0a0c526ccc6000000000000007a690000e994260c73ee24d5302dd62baabd56c16530f3e22d122d40f040e686802dddb3049ce8c9a9d3440647c022b9baa0023688b17897df712200399a60615d73e68f1c00, 0x3587862a554d6ce8a58d2afdfa8c21d104a693d843000000000000007a690300, 0x01013587862a554d6ce8a58d2afdfa8c21d104a693d843000000000000007a69030002b3a552175601b994d4ea0ba5a004cfcf0ce997857cde39c4ffdf953644e0e87a9261b50c63778e757084086983dfaf06ee97eac6a700d48ba4dc4c8d502a351c00 ], "key": "submitEncryptedProfile" }, code=UNSUPPORTED_OPERATION, version=6.16.0)
      at makeError (node_modules\ethers\src.ts\utils\errors.ts:698:21)
      at assert (node_modules\ethers\src.ts\utils\errors.ts:719:25)
      at getFragment (node_modules\ethers\src.ts\contract\contract.ts:270:15)
      at Proxy.submitEncryptedProfile (node_modules\ethers\src.ts\contract\contract.ts:350:26)
      at Context.<anonymous> (test\comprehensive_medvault.test.js:108:49)

  25) MedVault Comprehensive Stress Test (90+ cases)
       Eligibility Engine Stress Test (30 cases)
         Case #25: Age 42, Diab true, Hb 148 -> false:
     Error: no matching fragment (operation="fragment", info={ "args": [ 0x194132c90b8819d74839ab077143b585b783de68f4000000000000007a690200, 0x0101194132c90b8819d74839ab077143b585b783de68f4000000000000007a6902008fb681b7e10f7ae0f566c703e88dd0a66e03c107d9cb702ed9453e1eeef38da422a12295dc6b88c9a61c7600574b3f93ce9acfb38f5852c0cca59f60db1576781b00, 0x638392189b4efb6bc34144163d205bd227305390fc000000000000007a690000, 0x0101638392189b4efb6bc34144163d205bd227305390fc000000000000007a69000047043193c570b7488917f64c8b9b42068f4c13568a101f3c1fe76efa4f1d864819fe5aada7b2439cbe58f5536cbd12e5b44f6cb105f149a94c1d0f2b009be1c81b00, 0x9c97dec84b7977f872c4a8957cab6aefdaf46a6289000000000000007a690300, 0x01019c97dec84b7977f872c4a8957cab6aefdaf46a6289000000000000007a690300c72c1a68731e5cb38343edb3180cb73de97ecbd48bf9987e5d7b893ccb593f2f2383230f58abf892525391df6be275b6c9ee64678848c51fcf09508e003f6bc61b00 ], "key": "submitEncryptedProfile" }, code=UNSUPPORTED_OPERATION, version=6.16.0)
      at makeError (node_modules\ethers\src.ts\utils\errors.ts:698:21)
      at assert (node_modules\ethers\src.ts\utils\errors.ts:719:25)
      at getFragment (node_modules\ethers\src.ts\contract\contract.ts:270:15)
      at Proxy.submitEncryptedProfile (node_modules\ethers\src.ts\contract\contract.ts:350:26)
      at Context.<anonymous> (test\comprehensive_medvault.test.js:108:49)

  26) MedVault Comprehensive Stress Test (90+ cases)
       Eligibility Engine Stress Test (30 cases)
         Case #26: Age 43, Diab false, Hb 150 -> false:
     Error: no matching fragment (operation="fragment", info={ "args": [ 0x23c4a2805acaa0ce750e9213e368b5962861d319df000000000000007a690200, 0x010123c4a2805acaa0ce750e9213e368b5962861d319df000000000000007a6902002bf004a2d996897ee58fbd1671605300858a6eef33dfd1c4e6321a1452ca87d12feff6624ff07bd1b67717889db1e7abbdc8c4fbe357ae751eefa1e00032b04d1b00, 0xd64885b00cfe031fb6b12d0c1f572a13b51d79663e000000000000007a690000, 0x0101d64885b00cfe031fb6b12d0c1f572a13b51d79663e000000000000007a6900008194bce994a00b4813a302ea949e827a5d32ea51bad7d8504d5d9d6c735e6b684e292c1b3339b3088fd42964ae69489b418905ca8c91d94a8e99b2176243576f1c00, 0xada031e9e1ef967be201b84a11b9c94897f97e5764000000000000007a690300, 0x0101ada031e9e1ef967be201b84a11b9c94897f97e5764000000000000007a6903006f72f3557e1ea426dfdfe5164fd43e5b897ae9825d1e4ff4334b9b74ab07711d1f8bbf315bfa2c063c80d07cdf782e29e75d155e08bc4e169ad8b3382befbcf31b00 ], "key": "submitEncryptedProfile" }, code=UNSUPPORTED_OPERATION, version=6.16.0)
      at makeError (node_modules\ethers\src.ts\utils\errors.ts:698:21)
      at assert (node_modules\ethers\src.ts\utils\errors.ts:719:25)
      at getFragment (node_modules\ethers\src.ts\contract\contract.ts:270:15)
      at Proxy.submitEncryptedProfile (node_modules\ethers\src.ts\contract\contract.ts:350:26)
      at Context.<anonymous> (test\comprehensive_medvault.test.js:108:49)

  27) MedVault Comprehensive Stress Test (90+ cases)
       Eligibility Engine Stress Test (30 cases)
         Case #27: Age 44, Diab true, Hb 152 -> false:
     Error: no matching fragment (operation="fragment", info={ "args": [ 0x563792561f04f3d3b2f159e2c0c6a2de28c3084d87000000000000007a690200, 0x0101563792561f04f3d3b2f159e2c0c6a2de28c3084d87000000000000007a690200e65872a994067348beeb82c61966bf4e6eed12fea4f5a8ce0b7b713dee52d5452974c79eef5d70dc957adaa46a2085e56f3d284bd2792c84b4c0815c171b3b461c00, 0x16b8c67e221909c04a71b1715532ec82c836daa03b000000000000007a690000, 0x010116b8c67e221909c04a71b1715532ec82c836daa03b000000000000007a690000a159c9d6f38036798faa0967e6ad9e3278c2d97f96e3afa6bcee68fa80384a656b9f57a6014021fc93885f5765730b8bedce44dbe63293668fc1f1e6a6e01a451b00, 0x22a09f36db73e40a83804c9cc264b5a486cac88a3c000000000000007a690300, 0x010122a09f36db73e40a83804c9cc264b5a486cac88a3c000000000000007a69030048c919955d3ed62527e297eb5398f773bb8aa97700e8c53f737cf147f68a045708b12f32e6bd8bd017e9e884f01688d15b754687e69e92c9ed034c4f4d85244f1c00 ], "key": "submitEncryptedProfile" }, code=UNSUPPORTED_OPERATION, version=6.16.0)
      at makeError (node_modules\ethers\src.ts\utils\errors.ts:698:21)
      at assert (node_modules\ethers\src.ts\utils\errors.ts:719:25)
      at getFragment (node_modules\ethers\src.ts\contract\contract.ts:270:15)
      at Proxy.submitEncryptedProfile (node_modules\ethers\src.ts\contract\contract.ts:350:26)
      at Context.<anonymous> (test\comprehensive_medvault.test.js:108:49)

  28) MedVault Comprehensive Stress Test (90+ cases)
       Eligibility Engine Stress Test (30 cases)
         Case #28: Age 45, Diab false, Hb 154 -> false:
     Error: no matching fragment (operation="fragment", info={ "args": [ 0x85f2bf91b119035a6b8a19d1df25a4de00786d5e2a000000000000007a690200, 0x010185f2bf91b119035a6b8a19d1df25a4de00786d5e2a000000000000007a69020080401e99ca60a413f390d252eaad72daf2b50ca33fe4ffb191763571ca7d2dba4c25452eca41ff5bca821379aa167ea514972731f892faffddd44381498aaec61b00, 0x154f3a6f598f9a6ca149510e9eb03826239515aa52000000000000007a690000, 0x0101154f3a6f598f9a6ca149510e9eb03826239515aa52000000000000007a690000d2a7cae83565050377f08934f67a19827d4b01a4bc0687bafdf5b5db7481e94555a237d5e06803e3aab0edf2f42aa01d97195db0d72ab04cd2cb10165eec9e6a1b00, 0xb4022a5168a3c9806b42d7e5ce7e2dd3aaf76921c8000000000000007a690300, 0x0101b4022a5168a3c9806b42d7e5ce7e2dd3aaf76921c8000000000000007a69030036663fec4b6ca8b89b5038d5f67cd4e5559b6e786c8d5c44abdb1d722ce5e39203b3a8df9120c222965fa29f5689251a50c65270b2164e8d666ba544ebbecda31c00 ], "key": "submitEncryptedProfile" }, code=UNSUPPORTED_OPERATION, version=6.16.0)
      at makeError (node_modules\ethers\src.ts\utils\errors.ts:698:21)
      at assert (node_modules\ethers\src.ts\utils\errors.ts:719:25)
      at getFragment (node_modules\ethers\src.ts\contract\contract.ts:270:15)
      at Proxy.submitEncryptedProfile (node_modules\ethers\src.ts\contract\contract.ts:350:26)
      at Context.<anonymous> (test\comprehensive_medvault.test.js:108:49)

  29) MedVault Comprehensive Stress Test (90+ cases)
       Eligibility Engine Stress Test (30 cases)
         Case #29: Age 46, Diab true, Hb 156 -> false:
     Error: no matching fragment (operation="fragment", info={ "args": [ 0xf951b6e3e00c63b3b1b1c32bc721b4476db01f55cd000000000000007a690200, 0x0101f951b6e3e00c63b3b1b1c32bc721b4476db01f55cd000000000000007a6902000a7d3e547c1af78313a158271121c7f0b324d52891fe32c2ab05ccc88d9e07b31c98985769a331f3171ccbb2d965c9835012dc7809e4998f8c99e7601405d9f61c00, 0x07d2c5ce4084d889e02fbd965aab85703a0b15c63b000000000000007a690000, 0x010107d2c5ce4084d889e02fbd965aab85703a0b15c63b000000000000007a6900003f0e2c142c1a5038aec0efcc3919b614efd5a4c070bb999a397902d532d6c532759c90ce1935cc4e056cc09672460b47459bf4fc2a8410e426978aa7c319f8501c00, 0x50ed050e7613ae22fe1d965716dc2dffef591c2f28000000000000007a690300, 0x010150ed050e7613ae22fe1d965716dc2dffef591c2f28000000000000007a690300b7cc660613384b36aa538363113e8c535901d91847c5a613d70fc64987d9eb95424fda9d969065d6b6fc02f4029e801729bd32391e0be9d705b43804882af16c1b00 ], "key": "submitEncryptedProfile" }, code=UNSUPPORTED_OPERATION, version=6.16.0)
      at makeError (node_modules\ethers\src.ts\utils\errors.ts:698:21)
      at assert (node_modules\ethers\src.ts\utils\errors.ts:719:25)
      at getFragment (node_modules\ethers\src.ts\contract\contract.ts:270:15)
      at Proxy.submitEncryptedProfile (node_modules\ethers\src.ts\contract\contract.ts:350:26)
      at Context.<anonymous> (test\comprehensive_medvault.test.js:108:49)

  30) MedVault Comprehensive Stress Test (90+ cases)
       Eligibility Engine Stress Test (30 cases)
         Case #30: Age 47, Diab false, Hb 158 -> false:
     Error: no matching fragment (operation="fragment", info={ "args": [ 0x3b7be8ed74ba51d636e09358557c2a51fceb0349c8000000000000007a690200, 0x01013b7be8ed74ba51d636e09358557c2a51fceb0349c8000000000000007a69020039efd78b86e28af4217c1734a6066b358cfa01789bf92cc3fd2552799dc170400da32c12f59249bbb24c2572f70f873a2993d9827b7d9bf760f0d13a7680bae81c00, 0xd8640dfc3d12e713eb5e2739ed2521a11a42fc80f6000000000000007a690000, 0x0101d8640dfc3d12e713eb5e2739ed2521a11a42fc80f6000000000000007a69000031f2f0101db01263e05112fce0d54d543c69142914717e552951f5ba56662edc2a1b2c0c7809d1b30f07062451d88df68961c689b6b3ebe72f6c3956080211a01c00, 0x56a088c0a5fbb9332ccf9dd204cae7ac43fc076427000000000000007a690300, 0x010156a088c0a5fbb9332ccf9dd204cae7ac43fc076427000000000000007a690300e14a33321ea39ea09353343111a051ba65e3517278b419ce366c5a9d5d2e287b190d09edb3d5fe2cb9247466f221fe958a1b3fc57a487886f03876218d03beb91b00 ], "key": "submitEncryptedProfile" }, code=UNSUPPORTED_OPERATION, version=6.16.0)
      at makeError (node_modules\ethers\src.ts\utils\errors.ts:698:21)
      at assert (node_modules\ethers\src.ts\utils\errors.ts:719:25)
      at getFragment (node_modules\ethers\src.ts\contract\contract.ts:270:15)
      at Proxy.submitEncryptedProfile (node_modules\ethers\src.ts\contract\contract.ts:350:26)
      at Context.<anonymous> (test\comprehensive_medvault.test.js:108:49)

  31) MedVault Comprehensive Stress Test (90+ cases)
       Staking Manager Stress Test (30 cases)
         Case #1: Stake 0.05 ETH:
     Error: Handle 0x921fa040bd0ccd29d0967b19b8272443631cca2760ff0000000000007a690500 is not allowed for public decryption!
      at D:\medvault\node_modules\@fhevm\mock-utils\fhevm\MockFhevmInstance.ts:443:15
      at async Promise.all (index 0)
      at async MockFhevmInstance.publicDecrypt (node_modules\@fhevm\mock-utils\fhevm\MockFhevmInstance.ts:242:5)
      at async Proxy.publicDecrypt (node_modules\@fhevm\hardhat-plugin\src\internal\FhevmExternalAPI.ts:224:12)
      at async Context.<anonymous> (test\comprehensive_medvault.test.js:141:43)

  32) MedVault Comprehensive Stress Test (90+ cases)
       Staking Manager Stress Test (30 cases)
         Case #2: Stake 0.1 ETH:
     Error: Handle 0x921fa040bd0ccd29d0967b19b8272443631cca2760ff0000000000007a690500 is not allowed for public decryption!
      at D:\medvault\node_modules\@fhevm\mock-utils\fhevm\MockFhevmInstance.ts:443:15
      at async Promise.all (index 0)
      at async MockFhevmInstance.publicDecrypt (node_modules\@fhevm\mock-utils\fhevm\MockFhevmInstance.ts:242:5)
      at async Proxy.publicDecrypt (node_modules\@fhevm\hardhat-plugin\src\internal\FhevmExternalAPI.ts:224:12)
      at async Context.<anonymous> (test\comprehensive_medvault.test.js:134:35)

  33) MedVault Comprehensive Stress Test (90+ cases)
       Staking Manager Stress Test (30 cases)
         Case #3: Stake 0.15 ETH:
     Error: Handle 0x921fa040bd0ccd29d0967b19b8272443631cca2760ff0000000000007a690500 is not allowed for public decryption!
      at D:\medvault\node_modules\@fhevm\mock-utils\fhevm\MockFhevmInstance.ts:443:15
      at async Promise.all (index 0)
      at async MockFhevmInstance.publicDecrypt (node_modules\@fhevm\mock-utils\fhevm\MockFhevmInstance.ts:242:5)
      at async Proxy.publicDecrypt (node_modules\@fhevm\hardhat-plugin\src\internal\FhevmExternalAPI.ts:224:12)
      at async Context.<anonymous> (test\comprehensive_medvault.test.js:134:35)

  34) MedVault Comprehensive Stress Test (90+ cases)
       Staking Manager Stress Test (30 cases)
         Case #4: Stake 0.2 ETH:
     Error: Handle 0x921fa040bd0ccd29d0967b19b8272443631cca2760ff0000000000007a690500 is not allowed for public decryption!
      at D:\medvault\node_modules\@fhevm\mock-utils\fhevm\MockFhevmInstance.ts:443:15
      at async Promise.all (index 0)
      at async MockFhevmInstance.publicDecrypt (node_modules\@fhevm\mock-utils\fhevm\MockFhevmInstance.ts:242:5)
      at async Proxy.publicDecrypt (node_modules\@fhevm\hardhat-plugin\src\internal\FhevmExternalAPI.ts:224:12)
      at async Context.<anonymous> (test\comprehensive_medvault.test.js:134:35)

  35) MedVault Comprehensive Stress Test (90+ cases)
       Staking Manager Stress Test (30 cases)
         Case #5: Stake 0.25 ETH:
     Error: Handle 0x921fa040bd0ccd29d0967b19b8272443631cca2760ff0000000000007a690500 is not allowed for public decryption!
      at D:\medvault\node_modules\@fhevm\mock-utils\fhevm\MockFhevmInstance.ts:443:15
      at async Promise.all (index 0)
      at async MockFhevmInstance.publicDecrypt (node_modules\@fhevm\mock-utils\fhevm\MockFhevmInstance.ts:242:5)
      at async Proxy.publicDecrypt (node_modules\@fhevm\hardhat-plugin\src\internal\FhevmExternalAPI.ts:224:12)
      at async Context.<anonymous> (test\comprehensive_medvault.test.js:134:35)

  36) MedVault Comprehensive Stress Test (90+ cases)
       Staking Manager Stress Test (30 cases)
         Case #6: Stake 0.3 ETH:
     Error: Handle 0x921fa040bd0ccd29d0967b19b8272443631cca2760ff0000000000007a690500 is not allowed for public decryption!
      at D:\medvault\node_modules\@fhevm\mock-utils\fhevm\MockFhevmInstance.ts:443:15
      at async Promise.all (index 0)
      at async MockFhevmInstance.publicDecrypt (node_modules\@fhevm\mock-utils\fhevm\MockFhevmInstance.ts:242:5)
      at async Proxy.publicDecrypt (node_modules\@fhevm\hardhat-plugin\src\internal\FhevmExternalAPI.ts:224:12)
      at async Context.<anonymous> (test\comprehensive_medvault.test.js:134:35)

  37) MedVault Comprehensive Stress Test (90+ cases)
       Staking Manager Stress Test (30 cases)
         Case #7: Stake 0.35 ETH:
     Error: Handle 0x921fa040bd0ccd29d0967b19b8272443631cca2760ff0000000000007a690500 is not allowed for public decryption!
      at D:\medvault\node_modules\@fhevm\mock-utils\fhevm\MockFhevmInstance.ts:443:15
      at async Promise.all (index 0)
      at async MockFhevmInstance.publicDecrypt (node_modules\@fhevm\mock-utils\fhevm\MockFhevmInstance.ts:242:5)
      at async Proxy.publicDecrypt (node_modules\@fhevm\hardhat-plugin\src\internal\FhevmExternalAPI.ts:224:12)
      at async Context.<anonymous> (test\comprehensive_medvault.test.js:134:35)

  38) MedVault Comprehensive Stress Test (90+ cases)
       Staking Manager Stress Test (30 cases)
         Case #8: Stake 0.4 ETH:
     Error: Handle 0x921fa040bd0ccd29d0967b19b8272443631cca2760ff0000000000007a690500 is not allowed for public decryption!
      at D:\medvault\node_modules\@fhevm\mock-utils\fhevm\MockFhevmInstance.ts:443:15
      at async Promise.all (index 0)
      at async MockFhevmInstance.publicDecrypt (node_modules\@fhevm\mock-utils\fhevm\MockFhevmInstance.ts:242:5)
      at async Proxy.publicDecrypt (node_modules\@fhevm\hardhat-plugin\src\internal\FhevmExternalAPI.ts:224:12)
      at async Context.<anonymous> (test\comprehensive_medvault.test.js:134:35)

  39) MedVault Comprehensive Stress Test (90+ cases)
       Staking Manager Stress Test (30 cases)
         Case #9: Stake 0.45 ETH:
     Error: Handle 0x921fa040bd0ccd29d0967b19b8272443631cca2760ff0000000000007a690500 is not allowed for public decryption!
      at D:\medvault\node_modules\@fhevm\mock-utils\fhevm\MockFhevmInstance.ts:443:15
      at async Promise.all (index 0)
      at async MockFhevmInstance.publicDecrypt (node_modules\@fhevm\mock-utils\fhevm\MockFhevmInstance.ts:242:5)
      at async Proxy.publicDecrypt (node_modules\@fhevm\hardhat-plugin\src\internal\FhevmExternalAPI.ts:224:12)
      at async Context.<anonymous> (test\comprehensive_medvault.test.js:134:35)

  40) MedVault Comprehensive Stress Test (90+ cases)
       Staking Manager Stress Test (30 cases)
         Case #10: Stake 0.5 ETH:
     Error: Handle 0x921fa040bd0ccd29d0967b19b8272443631cca2760ff0000000000007a690500 is not allowed for public decryption!
      at D:\medvault\node_modules\@fhevm\mock-utils\fhevm\MockFhevmInstance.ts:443:15
      at async Promise.all (index 0)
      at async MockFhevmInstance.publicDecrypt (node_modules\@fhevm\mock-utils\fhevm\MockFhevmInstance.ts:242:5)
      at async Proxy.publicDecrypt (node_modules\@fhevm\hardhat-plugin\src\internal\FhevmExternalAPI.ts:224:12)
      at async Context.<anonymous> (test\comprehensive_medvault.test.js:134:35)

  41) MedVault Comprehensive Stress Test (90+ cases)
       Staking Manager Stress Test (30 cases)
         Case #11: Stake 0.55 ETH:
     Error: Handle 0x921fa040bd0ccd29d0967b19b8272443631cca2760ff0000000000007a690500 is not allowed for public decryption!
      at D:\medvault\node_modules\@fhevm\mock-utils\fhevm\MockFhevmInstance.ts:443:15
      at async Promise.all (index 0)
      at async MockFhevmInstance.publicDecrypt (node_modules\@fhevm\mock-utils\fhevm\MockFhevmInstance.ts:242:5)
      at async Proxy.publicDecrypt (node_modules\@fhevm\hardhat-plugin\src\internal\FhevmExternalAPI.ts:224:12)
      at async Context.<anonymous> (test\comprehensive_medvault.test.js:134:35)

  42) MedVault Comprehensive Stress Test (90+ cases)
       Staking Manager Stress Test (30 cases)
         Case #12: Stake 0.6 ETH:
     Error: Handle 0x921fa040bd0ccd29d0967b19b8272443631cca2760ff0000000000007a690500 is not allowed for public decryption!
      at D:\medvault\node_modules\@fhevm\mock-utils\fhevm\MockFhevmInstance.ts:443:15
      at async Promise.all (index 0)
      at async MockFhevmInstance.publicDecrypt (node_modules\@fhevm\mock-utils\fhevm\MockFhevmInstance.ts:242:5)
      at async Proxy.publicDecrypt (node_modules\@fhevm\hardhat-plugin\src\internal\FhevmExternalAPI.ts:224:12)
      at async Context.<anonymous> (test\comprehensive_medvault.test.js:134:35)

  43) MedVault Comprehensive Stress Test (90+ cases)
       Staking Manager Stress Test (30 cases)
         Case #13: Stake 0.65 ETH:
     Error: Handle 0x921fa040bd0ccd29d0967b19b8272443631cca2760ff0000000000007a690500 is not allowed for public decryption!
      at D:\medvault\node_modules\@fhevm\mock-utils\fhevm\MockFhevmInstance.ts:443:15
      at async Promise.all (index 0)
      at async MockFhevmInstance.publicDecrypt (node_modules\@fhevm\mock-utils\fhevm\MockFhevmInstance.ts:242:5)
      at async Proxy.publicDecrypt (node_modules\@fhevm\hardhat-plugin\src\internal\FhevmExternalAPI.ts:224:12)
      at async Context.<anonymous> (test\comprehensive_medvault.test.js:134:35)

  44) MedVault Comprehensive Stress Test (90+ cases)
       Staking Manager Stress Test (30 cases)
         Case #14: Stake 0.7 ETH:
     Error: Handle 0x921fa040bd0ccd29d0967b19b8272443631cca2760ff0000000000007a690500 is not allowed for public decryption!
      at D:\medvault\node_modules\@fhevm\mock-utils\fhevm\MockFhevmInstance.ts:443:15
      at async Promise.all (index 0)
      at async MockFhevmInstance.publicDecrypt (node_modules\@fhevm\mock-utils\fhevm\MockFhevmInstance.ts:242:5)
      at async Proxy.publicDecrypt (node_modules\@fhevm\hardhat-plugin\src\internal\FhevmExternalAPI.ts:224:12)
      at async Context.<anonymous> (test\comprehensive_medvault.test.js:134:35)

  45) MedVault Comprehensive Stress Test (90+ cases)
       Staking Manager Stress Test (30 cases)
         Case #15: Stake 0.75 ETH:
     Error: Handle 0x921fa040bd0ccd29d0967b19b8272443631cca2760ff0000000000007a690500 is not allowed for public decryption!
      at D:\medvault\node_modules\@fhevm\mock-utils\fhevm\MockFhevmInstance.ts:443:15
      at async Promise.all (index 0)
      at async MockFhevmInstance.publicDecrypt (node_modules\@fhevm\mock-utils\fhevm\MockFhevmInstance.ts:242:5)
      at async Proxy.publicDecrypt (node_modules\@fhevm\hardhat-plugin\src\internal\FhevmExternalAPI.ts:224:12)
      at async Context.<anonymous> (test\comprehensive_medvault.test.js:134:35)

  46) MedVault Comprehensive Stress Test (90+ cases)
       Staking Manager Stress Test (30 cases)
         Case #16: Stake 0.8 ETH:
     Error: Handle 0x921fa040bd0ccd29d0967b19b8272443631cca2760ff0000000000007a690500 is not allowed for public decryption!
      at D:\medvault\node_modules\@fhevm\mock-utils\fhevm\MockFhevmInstance.ts:443:15
      at async Promise.all (index 0)
      at async MockFhevmInstance.publicDecrypt (node_modules\@fhevm\mock-utils\fhevm\MockFhevmInstance.ts:242:5)
      at async Proxy.publicDecrypt (node_modules\@fhevm\hardhat-plugin\src\internal\FhevmExternalAPI.ts:224:12)
      at async Context.<anonymous> (test\comprehensive_medvault.test.js:134:35)

  47) MedVault Comprehensive Stress Test (90+ cases)
       Staking Manager Stress Test (30 cases)
         Case #17: Stake 0.85 ETH:
     Error: Handle 0x921fa040bd0ccd29d0967b19b8272443631cca2760ff0000000000007a690500 is not allowed for public decryption!
      at D:\medvault\node_modules\@fhevm\mock-utils\fhevm\MockFhevmInstance.ts:443:15
      at async Promise.all (index 0)
      at async MockFhevmInstance.publicDecrypt (node_modules\@fhevm\mock-utils\fhevm\MockFhevmInstance.ts:242:5)
      at async Proxy.publicDecrypt (node_modules\@fhevm\hardhat-plugin\src\internal\FhevmExternalAPI.ts:224:12)
      at async Context.<anonymous> (test\comprehensive_medvault.test.js:134:35)

  48) MedVault Comprehensive Stress Test (90+ cases)
       Staking Manager Stress Test (30 cases)
         Case #18: Stake 0.9 ETH:
     Error: Handle 0x921fa040bd0ccd29d0967b19b8272443631cca2760ff0000000000007a690500 is not allowed for public decryption!
      at D:\medvault\node_modules\@fhevm\mock-utils\fhevm\MockFhevmInstance.ts:443:15
      at async Promise.all (index 0)
      at async MockFhevmInstance.publicDecrypt (node_modules\@fhevm\mock-utils\fhevm\MockFhevmInstance.ts:242:5)
      at async Proxy.publicDecrypt (node_modules\@fhevm\hardhat-plugin\src\internal\FhevmExternalAPI.ts:224:12)
      at async Context.<anonymous> (test\comprehensive_medvault.test.js:134:35)

  49) MedVault Comprehensive Stress Test (90+ cases)
       Staking Manager Stress Test (30 cases)
         Case #19: Stake 0.95 ETH:
     Error: Handle 0x921fa040bd0ccd29d0967b19b8272443631cca2760ff0000000000007a690500 is not allowed for public decryption!
      at D:\medvault\node_modules\@fhevm\mock-utils\fhevm\MockFhevmInstance.ts:443:15
      at async Promise.all (index 0)
      at async MockFhevmInstance.publicDecrypt (node_modules\@fhevm\mock-utils\fhevm\MockFhevmInstance.ts:242:5)
      at async Proxy.publicDecrypt (node_modules\@fhevm\hardhat-plugin\src\internal\FhevmExternalAPI.ts:224:12)
      at async Context.<anonymous> (test\comprehensive_medvault.test.js:134:35)

  50) MedVault Comprehensive Stress Test (90+ cases)
       Staking Manager Stress Test (30 cases)
         Case #20: Stake 1.0 ETH:
     Error: Handle 0x921fa040bd0ccd29d0967b19b8272443631cca2760ff0000000000007a690500 is not allowed for public decryption!
      at D:\medvault\node_modules\@fhevm\mock-utils\fhevm\MockFhevmInstance.ts:443:15
      at async Promise.all (index 0)
      at async MockFhevmInstance.publicDecrypt (node_modules\@fhevm\mock-utils\fhevm\MockFhevmInstance.ts:242:5)
      at async Proxy.publicDecrypt (node_modules\@fhevm\hardhat-plugin\src\internal\FhevmExternalAPI.ts:224:12)
      at async Context.<anonymous> (test\comprehensive_medvault.test.js:134:35)

  51) MedVault Comprehensive Stress Test (90+ cases)
       Staking Manager Stress Test (30 cases)
         Case #21: Stake 1.05 ETH:
     Error: Handle 0x921fa040bd0ccd29d0967b19b8272443631cca2760ff0000000000007a690500 is not allowed for public decryption!
      at D:\medvault\node_modules\@fhevm\mock-utils\fhevm\MockFhevmInstance.ts:443:15
      at async Promise.all (index 0)
      at async MockFhevmInstance.publicDecrypt (node_modules\@fhevm\mock-utils\fhevm\MockFhevmInstance.ts:242:5)
      at async Proxy.publicDecrypt (node_modules\@fhevm\hardhat-plugin\src\internal\FhevmExternalAPI.ts:224:12)
      at async Context.<anonymous> (test\comprehensive_medvault.test.js:134:35)

  52) MedVault Comprehensive Stress Test (90+ cases)
       Staking Manager Stress Test (30 cases)
         Case #22: Stake 1.1 ETH:
     Error: Handle 0x921fa040bd0ccd29d0967b19b8272443631cca2760ff0000000000007a690500 is not allowed for public decryption!
      at D:\medvault\node_modules\@fhevm\mock-utils\fhevm\MockFhevmInstance.ts:443:15
      at async Promise.all (index 0)
      at async MockFhevmInstance.publicDecrypt (node_modules\@fhevm\mock-utils\fhevm\MockFhevmInstance.ts:242:5)
      at async Proxy.publicDecrypt (node_modules\@fhevm\hardhat-plugin\src\internal\FhevmExternalAPI.ts:224:12)
      at async Context.<anonymous> (test\comprehensive_medvault.test.js:134:35)

  53) MedVault Comprehensive Stress Test (90+ cases)
       Staking Manager Stress Test (30 cases)
         Case #23: Stake 1.15 ETH:
     Error: Handle 0x921fa040bd0ccd29d0967b19b8272443631cca2760ff0000000000007a690500 is not allowed for public decryption!
      at D:\medvault\node_modules\@fhevm\mock-utils\fhevm\MockFhevmInstance.ts:443:15
      at async Promise.all (index 0)
      at async MockFhevmInstance.publicDecrypt (node_modules\@fhevm\mock-utils\fhevm\MockFhevmInstance.ts:242:5)
      at async Proxy.publicDecrypt (node_modules\@fhevm\hardhat-plugin\src\internal\FhevmExternalAPI.ts:224:12)
      at async Context.<anonymous> (test\comprehensive_medvault.test.js:134:35)

  54) MedVault Comprehensive Stress Test (90+ cases)
       Staking Manager Stress Test (30 cases)
         Case #24: Stake 1.2 ETH:
     Error: Handle 0x921fa040bd0ccd29d0967b19b8272443631cca2760ff0000000000007a690500 is not allowed for public decryption!
      at D:\medvault\node_modules\@fhevm\mock-utils\fhevm\MockFhevmInstance.ts:443:15
      at async Promise.all (index 0)
      at async MockFhevmInstance.publicDecrypt (node_modules\@fhevm\mock-utils\fhevm\MockFhevmInstance.ts:242:5)
      at async Proxy.publicDecrypt (node_modules\@fhevm\hardhat-plugin\src\internal\FhevmExternalAPI.ts:224:12)
      at async Context.<anonymous> (test\comprehensive_medvault.test.js:134:35)

  55) MedVault Comprehensive Stress Test (90+ cases)
       Staking Manager Stress Test (30 cases)
         Case #25: Stake 1.25 ETH:
     Error: Handle 0x921fa040bd0ccd29d0967b19b8272443631cca2760ff0000000000007a690500 is not allowed for public decryption!
      at D:\medvault\node_modules\@fhevm\mock-utils\fhevm\MockFhevmInstance.ts:443:15
      at async Promise.all (index 0)
      at async MockFhevmInstance.publicDecrypt (node_modules\@fhevm\mock-utils\fhevm\MockFhevmInstance.ts:242:5)
      at async Proxy.publicDecrypt (node_modules\@fhevm\hardhat-plugin\src\internal\FhevmExternalAPI.ts:224:12)
      at async Context.<anonymous> (test\comprehensive_medvault.test.js:134:35)

  56) MedVault Comprehensive Stress Test (90+ cases)
       Staking Manager Stress Test (30 cases)
         Case #26: Stake 1.3 ETH:
     Error: Handle 0x921fa040bd0ccd29d0967b19b8272443631cca2760ff0000000000007a690500 is not allowed for public decryption!
      at D:\medvault\node_modules\@fhevm\mock-utils\fhevm\MockFhevmInstance.ts:443:15
      at async Promise.all (index 0)
      at async MockFhevmInstance.publicDecrypt (node_modules\@fhevm\mock-utils\fhevm\MockFhevmInstance.ts:242:5)
      at async Proxy.publicDecrypt (node_modules\@fhevm\hardhat-plugin\src\internal\FhevmExternalAPI.ts:224:12)
      at async Context.<anonymous> (test\comprehensive_medvault.test.js:134:35)

  57) MedVault Comprehensive Stress Test (90+ cases)
       Staking Manager Stress Test (30 cases)
         Case #27: Stake 1.35 ETH:
     Error: Handle 0x921fa040bd0ccd29d0967b19b8272443631cca2760ff0000000000007a690500 is not allowed for public decryption!
      at D:\medvault\node_modules\@fhevm\mock-utils\fhevm\MockFhevmInstance.ts:443:15
      at async Promise.all (index 0)
      at async MockFhevmInstance.publicDecrypt (node_modules\@fhevm\mock-utils\fhevm\MockFhevmInstance.ts:242:5)
      at async Proxy.publicDecrypt (node_modules\@fhevm\hardhat-plugin\src\internal\FhevmExternalAPI.ts:224:12)
      at async Context.<anonymous> (test\comprehensive_medvault.test.js:134:35)

  58) MedVault Comprehensive Stress Test (90+ cases)
       Staking Manager Stress Test (30 cases)
         Case #28: Stake 1.4 ETH:
     Error: Handle 0x921fa040bd0ccd29d0967b19b8272443631cca2760ff0000000000007a690500 is not allowed for public decryption!
      at D:\medvault\node_modules\@fhevm\mock-utils\fhevm\MockFhevmInstance.ts:443:15
      at async Promise.all (index 0)
      at async MockFhevmInstance.publicDecrypt (node_modules\@fhevm\mock-utils\fhevm\MockFhevmInstance.ts:242:5)
      at async Proxy.publicDecrypt (node_modules\@fhevm\hardhat-plugin\src\internal\FhevmExternalAPI.ts:224:12)
      at async Context.<anonymous> (test\comprehensive_medvault.test.js:134:35)

  59) MedVault Comprehensive Stress Test (90+ cases)
       Staking Manager Stress Test (30 cases)
         Case #29: Stake 1.45 ETH:
     Error: Handle 0x921fa040bd0ccd29d0967b19b8272443631cca2760ff0000000000007a690500 is not allowed for public decryption!
      at D:\medvault\node_modules\@fhevm\mock-utils\fhevm\MockFhevmInstance.ts:443:15
      at async Promise.all (index 0)
      at async MockFhevmInstance.publicDecrypt (node_modules\@fhevm\mock-utils\fhevm\MockFhevmInstance.ts:242:5)
      at async Proxy.publicDecrypt (node_modules\@fhevm\hardhat-plugin\src\internal\FhevmExternalAPI.ts:224:12)
      at async Context.<anonymous> (test\comprehensive_medvault.test.js:134:35)

  60) MedVault Comprehensive Stress Test (90+ cases)
       Staking Manager Stress Test (30 cases)
         Case #30: Stake 1.5 ETH:
     Error: Handle 0x921fa040bd0ccd29d0967b19b8272443631cca2760ff0000000000007a690500 is not allowed for public decryption!
      at D:\medvault\node_modules\@fhevm\mock-utils\fhevm\MockFhevmInstance.ts:443:15
      at async Promise.all (index 0)
      at async MockFhevmInstance.publicDecrypt (node_modules\@fhevm\mock-utils\fhevm\MockFhevmInstance.ts:242:5)
      at async Proxy.publicDecrypt (node_modules\@fhevm\hardhat-plugin\src\internal\FhevmExternalAPI.ts:224:12)
      at async Context.<anonymous> (test\comprehensive_medvault.test.js:134:35)



